// Jest Snapshot v1, https://goo.gl/fbAQLP

exports[`PagePadding renders PagePadding unchanged 1`] = `
<div>
  <div
    class="sc-9199b4ac-0 brREMd"
  >
    Herp Derp
  </div>
</div>
`;
