// Jest Snapshot v1, https://goo.gl/fbAQLP

exports[`TableAvatar renders correctly 1`] = `
<div
  className="sc-e636bb41-0 bXJVFn"
/>
`;
