// Jest Snapshot v1, https://goo.gl/fbAQLP

exports[`StringControl renders StringControl unchanged 1`] = `
<div>
  <div
    class="sc-f371e309-0 cvhdnt"
  >
    <div
      class="sc-83a8f783-0 fBYaxP"
    >
      <input
        class="hasData"
        type="text"
        value="derp"
      />
      <label
        class="sc-62ae6059-0 bjlEKt"
      >
        String test
      </label>
    </div>
    <div
      class="sc-f7dbaa03-0 ldsAZK"
    />
  </div>
</div>
`;
