// Jest Snapshot v1, https://goo.gl/fbAQLP

exports[`ProgressBar renders ProgressBar unchanged 1`] = `
<div>
  <div
    class="sc-d725370f-0 gBakkx"
  >
    50
  </div>
</div>
`;
