// Jest Snapshot v1, https://goo.gl/fbAQLP

exports[`renders TableCell unchanged 1`] = `
<div>
  <div
    class="sc-c0aed08d-0 dWVRiz"
  >
    derp
  </div>
</div>
`;
