// Jest Snapshot v1, https://goo.gl/fbAQLP

exports[`renders Spinner unchanged 1`] = `
<div>
  <div
    class="sc-10a4f57b-0 bFDX"
  >
    <div
      class="sc-10a4f57b-1 fmNmow"
    />
  </div>
</div>
`;
