// Jest Snapshot v1, https://goo.gl/fbAQLP

exports[`DonationAmount renders correctly 1`] = `
<div
  className="sc-fa264814-0 kXMtVP"
>
  <div
    className="sc-fa264814-1 cssaZW"
  >
    <div>
      <h1
        className="sc-fa264814-2"
      >
        Choose your donation amount and payment method
      </h1>
      <div
        className="sc-78ba2856-0 fOnoXs"
      >
        <div
          className="sc-c089a03b-2 ckelpU"
        >
          <div
            className="sc-c089a03b-0 hULMLC"
            color="night"
          >
            <div
              className="sc-149d3190-0 jDOEuv"
              color="night"
            />
          </div>
        </div>
        <p
          className="sc-78ba2856-1 jZynMh"
        >
          Need help? Weâ€™ve prepared a useful guide to donating.
        </p>
      </div>
    </div>
    <p>
      todo: insert Leaderboard here
    </p>
    <label
      className="sc-dd35d48e-4 fUZPkX"
    >
      <div
        className="sc-dd35d48e-0 bkkyVw"
      >
        <input
          checked={false}
          className="sc-dd35d48e-1 clTMzK"
          disabled={false}
          onChange={[Function]}
          required={false}
          type="checkbox"
        />
        <span
          className="sc-dd35d48e-2 dtceeR"
        />
      </div>
      <span
        className="sc-dd35d48e-3 eAaGSv"
      >
        Hide my personal details from the leaderboard.
      </span>
    </label>
  </div>
  <div
    className="sc-fa264814-4 ejyLEh"
  >
    <div
      className="sc-cf7cfc90-0 dmSvkC"
    >
      <div
        className="sc-cf7cfc90-1 fHdqbB"
      >
        <span>
          USD
        </span>
      </div>
      <div
        className="sc-cf7cfc90-3 dwofuU"
      >
        <input
          className="sc-cf7cfc90-2 fzorkd"
          onChange={[Function]}
          type="number"
        />
        <label>
          donation total
        </label>
      </div>
      <div
        className="sc-cf7cfc90-4 dERrdJ"
      />
    </div>
    <div
      className="sc-fa264814-5 gZwxVK"
    >
      <span>
        Friends of Artizen typically donate:
      </span>
      <div>
        <button
          className="sc-2a588df4-2 dorpEK undefined "
          onClick={[Function]}
        >
          <span>
            $200
          </span>
        </button>
        <button
          className="sc-2a588df4-2 dorpEK undefined "
          onClick={[Function]}
        >
          <span>
            $500
          </span>
        </button>
        <button
          className="sc-2a588df4-2 dorpEK undefined "
          onClick={[Function]}
        >
          <span>
            $1000
          </span>
        </button>
      </div>
    </div>
    <ul
      className="sc-fa264814-6 yLhfE"
    >
      <li
        className="sc-fa264814-7 gcZSMc"
        onClick={[Function]}
        selected={false}
      >
        <div
          className="sc-c089a03b-2 ckelpU"
        >
          <div
            className="sc-c089a03b-0 hULMLC"
            color="night"
          >
            <div
              className="sc-149d3190-0 jDOEuv"
              color="night"
            />
          </div>
        </div>
        <div>
          Credit Card
        </div>
        <span>
          min $
          10
          .00
        </span>
      </li>
      <li
        className="sc-fa264814-7 gcZSMc"
        onClick={[Function]}
        selected={false}
      >
        <div
          className="sc-c089a03b-2 ckelpU"
        >
          <div
            className="sc-c089a03b-0 hULMLC"
            color="night"
          >
            <div
              className="sc-149d3190-0 jDOEuv"
              color="night"
            />
          </div>
        </div>
        <div>
          Polygon
        </div>
        <span>
          min $
          10
          .00
        </span>
      </li>
      <li
        className="sc-fa264814-7 gcZSMc"
        onClick={[Function]}
        selected={false}
      >
        <div
          className="sc-c089a03b-2 ckelpU"
        >
          <div
            className="sc-c089a03b-0 hULMLC"
            color="night"
          >
            <div
              className="sc-149d3190-0 jDOEuv"
              color="night"
            />
          </div>
        </div>
        <div>
          Ethereum
        </div>
        <span>
          min $
          100
          .00
        </span>
      </li>
    </ul>
    <button
      className="sc-2a588df4-2 jVJhXF undefined "
      onClick={[Function]}
    >
      <span>
        Continue
      </span>
    </button>
  </div>
</div>
`;
