// Jest Snapshot v1, https://goo.gl/fbAQLP

exports[`Leaderboard renders Leaderboard unchanged 1`] = `
<div>
  <div
    class="sc-bdd02fd6-0 fJPhsS"
  >
    <div
      class="sc-c6d4a71-0 iFQvvL"
    >
      <div
        class="sc-c6d4a71-1 hmYVNc"
      >
        Leaderboard
      </div>
      <button
        class="sc-1137dc9b-2 hhppYD undefined "
      >
        <span>
          See All
        </span>
      </button>
    </div>
    <div
      class="sc-92fd0fad-0 glZoEZ"
    >
      <div>
        <div>
          #
          0
        </div>
        <div
          class="sc-43c0e226-0 dtsHbH"
        >
          herp derp
        </div>
      </div>
      <div>
        $
        69
      </div>
    </div>
    <div
      class="sc-92fd0fad-0 glZoEZ"
    >
      <div>
        <div>
          #
          1
        </div>
        <div
          class="sc-43c0e226-0 cQtfKe"
        >
          dorp donk
        </div>
      </div>
      <div>
        $
        68
      </div>
    </div>
    <div
      class="sc-92fd0fad-0 glZoEZ"
    >
      <div>
        <div>
          #
          2
        </div>
        <div
          class="sc-43c0e226-0 cQtfKe"
        >
          hoop doop
        </div>
      </div>
      <div>
        $
        67
      </div>
    </div>
  </div>
</div>
`;
