// Jest Snapshot v1, https://goo.gl/fbAQLP

exports[`NumberControl renders NumberControl unchanged 1`] = `
<div>
  <div
    class="sc-95fbcf7b-0 eTbwSC"
  >
    <div
      class="sc-e8f3f789-0 jYEzXi"
    >
      <input
        class="hasData"
        step="any"
        type="number"
        value="5"
      />
      <label
        class="sc-811bf69e-0 ATCA"
      >
        Integer test
      </label>
      <div
        class="sc-917c067-0 cilYzr"
      />
    </div>
  </div>
</div>
`;
