// Jest Snapshot v1, https://goo.gl/fbAQLP

exports[`CheckboxControl renders SelectControl unchanged 1`] = `
<div>
  <label
    class="sc-dd35d48e-4 fBdSSs"
  >
    <div
      class="sc-dd35d48e-0 lmHjtw"
    >
      <input
        checked=""
        class="sc-dd35d48e-1 clTMzK"
        type="checkbox"
      />
      <span
        class="sc-dd35d48e-2 dtceeR"
      />
    </div>
    <span
      class="sc-dd35d48e-3 eAaGSv"
    >
      Checkbox control test
    </span>
  </label>
</div>
`;
