// Jest Snapshot v1, https://goo.gl/fbAQLP

exports[`renders AccountButton unchanged 1`] = `
<div>
  <div
    class="sc-88922287-0 bYsKBK"
  >
    <div
      class="sc-88922287-1 fRVXTB"
    />
    <div
      class="sc-1d011157-0 fItlDg sc-88922287-2 egWgHG"
      color="night"
    />
    <div
      class="sc-88922287-3 fBvHqr"
    >
      <div
        class="sc-88922287-4 fyJJre"
      >
        RP
      </div>
    </div>
  </div>
</div>
`;
