// Jest Snapshot v1, https://goo.gl/fbAQLP

exports[`renders TableHeader unchanged 1`] = `
<div>
  <div
    class="sc-c6d4a71-0 cAjiXM"
  >
    <div
      class="sc-c6d4a71-1 dwQWaZ"
    />
  </div>
</div>
`;
