// Jest Snapshot v1, https://goo.gl/fbAQLP

exports[`renders Table unchanged 1`] = `
<div>
  <div
    class="sc-8fd18655-0 bELACC"
  >
    <div
      class="sc-c6d4a71-0 iFQvvL"
    >
      <div
        class="sc-c6d4a71-1 hmYVNc"
      >
        derp
      </div>
    </div>
  </div>
</div>
`;
