// Jest Snapshot v1, https://goo.gl/fbAQLP

exports[`SegmentedControl renders SegmentedControl unchanged 1`] = `
<div>
  <div
    class="sc-1490f8e8-0 keerMa"
    label="Segmented enum control test"
  />
</div>
`;
